// Jest Snapshot v1, https://goo.gl/fbAQLP

exports[`should match snapshot 1`] = `
<BrowserRouter>
  <Router
    history={
      Object {
        "action": "POP",
        "block": [Function],
        "createHref": [Function],
        "go": [Function],
        "goBack": [Function],
        "goForward": [Function],
        "length": 1,
        "listen": [Function],
        "location": Object {
          "hash": "",
          "pathname": "/",
          "search": "",
          "state": undefined,
        },
        "push": [Function],
        "replace": [Function],
      }
    }
  >
    <Provider
      store={
        Object {
          "dispatch": [Function],
          "getState": [Function],
          "replaceReducer": [Function],
          "subscribe": [Function],
          Symbol(observable): [Function],
        }
      }
    >
      <ChangePassword>
        <div
          className="container-contact100 animated fadeIn fast "
        >
          <div
            className="wrap-contact100"
          >
            <button
              className="btn-hide-contact100"
            >
              <i
                className="zmdi zmdi-close"
              />
            </button>
            <div
              className="contact100-form-title"
              style={
                Object {
                  "backgroundImage": "url(bg-02.jpg)",
                }
              }
            >
              <span>
                Change Password
              </span>
            </div>
            <form
              className="contact100-form validate-form"
              id="changePasswordForm"
              onSubmit={[Function]}
            >
              <div
                className="wrap-input100 validate-input"
              >
                <input
                  aria-describedby="oldPasswordHelp"
                  className="input100"
                  id="oldPassword"
                  pattern="^(?=.{8,150}$)[a-zA-Z0-9]+$"
                  placeholder="Enter old password"
                  required={true}
                  type="password"
                />
                <span
                  className="focus-input100"
                />
                <label
                  className="label-input100"
                  htmlFor="oldPassword"
                >
                  <span
                    className="lnr lnr-lock m-b-2"
                  />
                </label>
              </div>
              <div
                className="wrap-input100 validate-input"
              >
                <input
                  className="input100"
                  id="newPassword"
                  pattern="^(?=.{8,150}$)[a-zA-Z0-9]+$"
                  placeholder="Enter new password"
                  required={true}
                  type="password"
                />
                <span
                  className="focus-input100"
                />
                <label
                  className="label-input100"
                  htmlFor="newPassword"
                >
                  <span
                    className="lnr lnr-cog m-b-5"
                  />
                </label>
              </div>
              <div
                className="wrap-input100 validate-input"
              >
                <input
                  className="input100"
                  id="confirmNewPassword"
                  pattern="^(?=.{8,150}$)[a-zA-Z0-9]+$"
                  placeholder="Confirm new password"
                  required={true}
                  type="password"
                />
                <span
                  className="focus-input100"
                />
                <label
                  className="label-input100"
                  htmlFor="newPasswordConfirm"
                >
                  <span
                    className="lnr lnr-redo m-b-5"
                  />
                </label>
              </div>
              <div
                className="w-100 text-center mb-1"
              >
                <span
                  className="text-danger"
                  hidden={true}
                >
                  Password not matched. Please try again!
                </span>
              </div>
              <div
                className="w-100 text-center mb-1"
              >
                <span
                  className="text-danger"
                  hidden={true}
                >
                  Something went wrong. Please try again!
                </span>
              </div>
              <div
                className="container-contact100-form-btn"
              >
                <button
                  className="contact100-form-btn"
                  type="submit"
                >
                  Reset Password
                </button>
              </div>
            </form>
            <div
              className="d-flex flex-column justify-content-center align-items-center mb-4"
            >
              <Link
                className="text-info"
                to="/"
              >
                <a
                  className="text-info"
                  href="/"
                  onClick={[Function]}
                >
                  Back to Home
                </a>
              </Link>
            </div>
          </div>
        </div>
      </ChangePassword>
    </Provider>
  </Router>
</BrowserRouter>
`;
